[0.149s] Invoking command in '/home/vladi/Desktop/ros2_commands/qt_ros_ws/build/neptune_2_bringup': /usr/bin/cmake /home/vladi/Desktop/ros2_commands/qt_ros_ws/src/neptune_2_bringup -DCMAKE_INSTALL_PREFIX=/home/vladi/Desktop/ros2_commands/qt_ros_ws/install/neptune_2_bringup
[1.328s] -- The C compiler identification is GNU 11.4.0
[1.884s] -- The CXX compiler identification is GNU 11.4.0
[1.914s] -- Detecting C compiler ABI info
[2.050s] -- Detecting C compiler ABI info - done
[2.060s] -- Check for working C compiler: /usr/bin/cc - skipped
[2.060s] -- Detecting C compile features
[2.074s] -- Detecting C compile features - done
[2.078s] -- Detecting CXX compiler ABI info
[2.190s] -- Detecting CXX compiler ABI info - done
[2.199s] -- Check for working CXX compiler: /usr/bin/c++ - skipped
[2.200s] -- Detecting CXX compile features
[2.200s] -- Detecting CXX compile features - done
[2.209s] -- Found ament_cmake: 1.3.6 (/opt/ros/humble/share/ament_cmake/cmake)
[2.425s] -- Found Python3: /usr/bin/python3.10 (found version "3.10.12") found components: Interpreter 
[2.567s] Error parsing '/home/vladi/Desktop/ros2_commands/qt_ros_ws/src/neptune_2_bringup/package.xml':
[2.609s] Traceback (most recent call last):
[2.609s]   File "/usr/lib/python3/dist-packages/catkin_pkg/package.py", line 610, in parse_package_string
[2.628s]     root = dom.parseString(data)
[2.629s]   File "/usr/lib/python3.10/xml/dom/minidom.py", line 2000, in parseString
[2.637s]     return expatbuilder.parseString(string)
[2.637s]   File "/usr/lib/python3.10/xml/dom/expatbuilder.py", line 925, in parseString
[2.664s]     return builder.parseString(string)
[2.664s]   File "/usr/lib/python3.10/xml/dom/expatbuilder.py", line 223, in parseString
[2.664s]     parser.Parse(string, True)
[2.665s] xml.parsers.expat.ExpatError: mismatched tag: line 23, column 2
[2.665s] 
[2.665s] During handling of the above exception, another exception occurred:
[2.665s] 
[2.665s] Traceback (most recent call last):
[2.665s]   File "/opt/ros/humble/share/ament_cmake_core/cmake/core/package_xml_2_cmake.py", line 150, in <module>
[2.665s]     main()
[2.666s]   File "/opt/ros/humble/share/ament_cmake_core/cmake/core/package_xml_2_cmake.py", line 53, in main
[2.666s]     raise e
[2.666s]   File "/opt/ros/humble/share/ament_cmake_core/cmake/core/package_xml_2_cmake.py", line 49, in main
[2.666s]     package = parse_package_string(
[2.666s]   File "/usr/lib/python3/dist-packages/catkin_pkg/package.py", line 612, in parse_package_string
[2.666s]     raise InvalidPackage('The manifest contains invalid XML:\n%s' % ex, filename)
[2.666s] catkin_pkg.package.InvalidPackage: Error(s) in package '/home/vladi/Desktop/ros2_commands/qt_ros_ws/src/neptune_2_bringup/package.xml':
[2.666s] The manifest contains invalid XML:
[2.667s] mismatched tag: line 23, column 2
[2.684s] [31mCMake Error at /opt/ros/humble/share/ament_cmake_core/cmake/core/ament_package_xml.cmake:95 (message):
[2.684s]   execute_process(/usr/bin/python3.10
[2.684s]   /opt/ros/humble/share/ament_cmake_core/cmake/core/package_xml_2_cmake.py
[2.684s]   /home/vladi/Desktop/ros2_commands/qt_ros_ws/src/neptune_2_bringup/package.xml
[2.684s]   /home/vladi/Desktop/ros2_commands/qt_ros_ws/build/neptune_2_bringup/ament_cmake_core/package.cmake)
[2.685s]   returned error code 1
[2.685s] Call Stack (most recent call first):
[2.685s]   /opt/ros/humble/share/ament_cmake_core/cmake/core/ament_package_xml.cmake:49 (_ament_package_xml)
[2.685s]   /opt/ros/humble/share/ament_cmake_core/cmake/core/ament_package.cmake:63 (ament_package_xml)
[2.685s]   CMakeLists.txt:19 (ament_package)
[2.685s] 
[2.685s] [0m
[2.685s] -- Configuring incomplete, errors occurred!
[2.685s] See also "/home/vladi/Desktop/ros2_commands/qt_ros_ws/build/neptune_2_bringup/CMakeFiles/CMakeOutput.log".
[2.690s] Invoked command in '/home/vladi/Desktop/ros2_commands/qt_ros_ws/build/neptune_2_bringup' returned '1': /usr/bin/cmake /home/vladi/Desktop/ros2_commands/qt_ros_ws/src/neptune_2_bringup -DCMAKE_INSTALL_PREFIX=/home/vladi/Desktop/ros2_commands/qt_ros_ws/install/neptune_2_bringup
