[0.000000] (-) TimerEvent: {}
[0.000688] (neptune_2_bringup) JobQueued: {'identifier': 'neptune_2_bringup', 'dependencies': OrderedDict()}
[0.000733] (neptune_2_description) JobQueued: {'identifier': 'neptune_2_description', 'dependencies': OrderedDict()}
[0.000783] (neptune_2_bringup) JobStarted: {'identifier': 'neptune_2_bringup'}
[0.073601] (neptune_2_description) JobStarted: {'identifier': 'neptune_2_description'}
[0.099783] (-) TimerEvent: {}
[0.147630] (neptune_2_bringup) JobProgress: {'identifier': 'neptune_2_bringup', 'progress': 'cmake'}
[0.148281] (neptune_2_bringup) Command: {'cmd': ['/usr/bin/cmake', '/home/vladi/Desktop/ros2_commands/qt_ros_ws/src/neptune_2_bringup', '-DCMAKE_INSTALL_PREFIX=/home/vladi/Desktop/ros2_commands/qt_ros_ws/install/neptune_2_bringup'], 'cwd': '/home/vladi/Desktop/ros2_commands/qt_ros_ws/build/neptune_2_bringup', 'env': OrderedDict([('GJS_DEBUG_TOPICS', 'JS ERROR;JS LOG'), ('LESSOPEN', '| /usr/bin/lesspipe %s'), ('USER', 'vladi'), ('LC_TIME', 'bg_BG.UTF-8'), ('XDG_SESSION_TYPE', 'wayland'), ('SHLVL', '1'), ('LD_LIBRARY_PATH', '/usr/lib/x86_64-linux-gnu/gazebo-11/plugins:/opt/ros/humble/opt/rviz_ogre_vendor/lib:/opt/ros/humble/lib/x86_64-linux-gnu:/opt/ros/humble/lib'), ('HOME', '/home/vladi'), ('OLDPWD', '/home/vladi'), ('DESKTOP_SESSION', 'ubuntu'), ('GIO_LAUNCHED_DESKTOP_FILE', '/usr/share/applications/terminator.desktop'), ('ROS_PYTHON_VERSION', '3'), ('GNOME_SHELL_SESSION_MODE', 'ubuntu'), ('GTK_MODULES', 'gail:atk-bridge'), ('LC_MONETARY', 'bg_BG.UTF-8'), ('MANAGERPID', '1331'), ('SYSTEMD_EXEC_PID', '1751'), ('DBUS_SESSION_BUS_ADDRESS', 'unix:path=/run/user/1000/bus'), ('COLORTERM', 'truecolor'), ('TERMINATOR_DBUS_NAME', 'net.tenshu.Terminator25ef4b219e3b005583550f2b0f9f990c3'), ('GIO_LAUNCHED_DESKTOP_FILE_PID', '6174'), ('IM_CONFIG_PHASE', '1'), ('WAYLAND_DISPLAY', 'wayland-0'), ('COLCON_PREFIX_PATH', '/home/vladi/Desktop/ros2_commands/qt_ros_ws/install'), ('ROS_DISTRO', 'humble'), ('LOGNAME', 'vladi'), ('JOURNAL_STREAM', '8:31293'), ('_', '/usr/bin/colcon'), ('ROS_VERSION', '2'), ('XDG_SESSION_CLASS', 'user'), ('USERNAME', 'vladi'), ('TERM', 'xterm-256color'), ('GAZEBO_MODEL_PATH', 'Desktop/ros2_commands/qt_ros_ws/src/neptune_2_description/meshes'), ('GNOME_DESKTOP_SESSION_ID', 'this-is-deprecated'), ('ROS_LOCALHOST_ONLY', '0'), ('PATH', '/opt/ros/humble/bin:/usr/local/sbin:/usr/local/bin:/usr/sbin:/usr/bin:/sbin:/bin:/usr/games:/usr/local/games:/snap/bin:/snap/bin'), ('SESSION_MANAGER', 'local/vladi:@/tmp/.ICE-unix/1680,unix/vladi:/tmp/.ICE-unix/1680'), ('INVOCATION_ID', 'acfdd29b72094ea2a79536bf7ee9b202'), ('XDG_MENU_PREFIX', 'gnome-'), ('LC_ADDRESS', 'bg_BG.UTF-8'), ('GNOME_SETUP_DISPLAY', ':1'), ('XDG_RUNTIME_DIR', '/run/user/1000'), ('DISPLAY', ':0'), ('TERMINATOR_DBUS_PATH', '/net/tenshu/Terminator2'), ('LANG', 'en_US.UTF-8'), ('XDG_CURRENT_DESKTOP', 'ubuntu:GNOME'), ('IBUS_DISABLE_SNOOPER', '1'), ('LC_TELEPHONE', 'bg_BG.UTF-8'), ('XMODIFIERS', '@im=ibus'), ('XDG_SESSION_DESKTOP', 'ubuntu'), ('XAUTHORITY', '/run/user/1000/.mutter-Xwaylandauth.ZIETG2'), ('LS_COLORS', 'rs=0:di=01;34:ln=01;36:mh=00:pi=40;33:so=01;35:do=01;35:bd=40;33;01:cd=40;33;01:or=40;31;01:mi=00:su=37;41:sg=30;43:ca=30;41:tw=30;42:ow=34;42:st=37;44:ex=01;32:*.tar=01;31:*.tgz=01;31:*.arc=01;31:*.arj=01;31:*.taz=01;31:*.lha=01;31:*.lz4=01;31:*.lzh=01;31:*.lzma=01;31:*.tlz=01;31:*.txz=01;31:*.tzo=01;31:*.t7z=01;31:*.zip=01;31:*.z=01;31:*.dz=01;31:*.gz=01;31:*.lrz=01;31:*.lz=01;31:*.lzo=01;31:*.xz=01;31:*.zst=01;31:*.tzst=01;31:*.bz2=01;31:*.bz=01;31:*.tbz=01;31:*.tbz2=01;31:*.tz=01;31:*.deb=01;31:*.rpm=01;31:*.jar=01;31:*.war=01;31:*.ear=01;31:*.sar=01;31:*.rar=01;31:*.alz=01;31:*.ace=01;31:*.zoo=01;31:*.cpio=01;31:*.7z=01;31:*.rz=01;31:*.cab=01;31:*.wim=01;31:*.swm=01;31:*.dwm=01;31:*.esd=01;31:*.jpg=01;35:*.jpeg=01;35:*.mjpg=01;35:*.mjpeg=01;35:*.gif=01;35:*.bmp=01;35:*.pbm=01;35:*.pgm=01;35:*.ppm=01;35:*.tga=01;35:*.xbm=01;35:*.xpm=01;35:*.tif=01;35:*.tiff=01;35:*.png=01;35:*.svg=01;35:*.svgz=01;35:*.mng=01;35:*.pcx=01;35:*.mov=01;35:*.mpg=01;35:*.mpeg=01;35:*.m2v=01;35:*.mkv=01;35:*.webm=01;35:*.webp=01;35:*.ogm=01;35:*.mp4=01;35:*.m4v=01;35:*.mp4v=01;35:*.vob=01;35:*.qt=01;35:*.nuv=01;35:*.wmv=01;35:*.asf=01;35:*.rm=01;35:*.rmvb=01;35:*.flc=01;35:*.avi=01;35:*.fli=01;35:*.flv=01;35:*.gl=01;35:*.dl=01;35:*.xcf=01;35:*.xwd=01;35:*.yuv=01;35:*.cgm=01;35:*.emf=01;35:*.ogv=01;35:*.ogx=01;35:*.aac=00;36:*.au=00;36:*.flac=00;36:*.m4a=00;36:*.mid=00;36:*.midi=00;36:*.mka=00;36:*.mp3=00;36:*.mpc=00;36:*.ogg=00;36:*.ra=00;36:*.wav=00;36:*.oga=00;36:*.opus=00;36:*.spx=00;36:*.xspf=00;36:'), ('SSH_AGENT_LAUNCHER', 'gnome-keyring'), ('SSH_AUTH_SOCK', '/run/user/1000/keyring/ssh'), ('AMENT_PREFIX_PATH', '/home/vladi/Desktop/ros2_commands/qt_ros_ws/install/neptune_2_description:/opt/ros/humble'), ('SHELL', '/bin/bash'), ('LC_NAME', 'bg_BG.UTF-8'), ('TERMINATOR_UUID', 'urn:uuid:6088eb9d-d08c-4310-a836-9179bd5ef5e0'), ('QT_ACCESSIBILITY', '1'), ('GDMSESSION', 'ubuntu'), ('LESSCLOSE', '/usr/bin/lesspipe %s %s'), ('LC_MEASUREMENT', 'bg_BG.UTF-8'), ('GJS_DEBUG_OUTPUT', 'stderr'), ('LC_IDENTIFICATION', 'bg_BG.UTF-8'), ('QT_IM_MODULE', 'ibus'), ('PWD', '/home/vladi/Desktop/ros2_commands/qt_ros_ws/build/neptune_2_bringup'), ('LC_ALL', 'en_US.UTF-8'), ('XDG_CONFIG_DIRS', '/etc/xdg/xdg-ubuntu:/etc/xdg'), ('XDG_DATA_DIRS', '/usr/share/ubuntu:/usr/local/share/:/usr/share/:/var/lib/snapd/desktop'), ('PYTHONPATH', '/opt/ros/humble/lib/python3.10/site-packages:/opt/ros/humble/local/lib/python3.10/dist-packages'), ('LC_NUMERIC', 'bg_BG.UTF-8'), ('LC_PAPER', 'bg_BG.UTF-8'), ('COLCON', '1'), ('VTE_VERSION', '6800'), ('CMAKE_PREFIX_PATH', '/home/vladi/Desktop/ros2_commands/qt_ros_ws/install/vision:/home/vladi/Desktop/ros2_commands/qt_ros_ws/install/neptune_2_description')]), 'shell': False}
[0.152126] (neptune_2_description) JobProgress: {'identifier': 'neptune_2_description', 'progress': 'cmake'}
[0.153308] (neptune_2_description) JobProgress: {'identifier': 'neptune_2_description', 'progress': 'build'}
[0.154075] (neptune_2_description) Command: {'cmd': ['/usr/bin/cmake', '--build', '/home/vladi/Desktop/ros2_commands/qt_ros_ws/build/neptune_2_description', '--', '-j8', '-l8'], 'cwd': '/home/vladi/Desktop/ros2_commands/qt_ros_ws/build/neptune_2_description', 'env': OrderedDict([('GJS_DEBUG_TOPICS', 'JS ERROR;JS LOG'), ('LESSOPEN', '| /usr/bin/lesspipe %s'), ('USER', 'vladi'), ('LC_TIME', 'bg_BG.UTF-8'), ('XDG_SESSION_TYPE', 'wayland'), ('SHLVL', '1'), ('LD_LIBRARY_PATH', '/usr/lib/x86_64-linux-gnu/gazebo-11/plugins:/opt/ros/humble/opt/rviz_ogre_vendor/lib:/opt/ros/humble/lib/x86_64-linux-gnu:/opt/ros/humble/lib'), ('HOME', '/home/vladi'), ('OLDPWD', '/home/vladi'), ('DESKTOP_SESSION', 'ubuntu'), ('GIO_LAUNCHED_DESKTOP_FILE', '/usr/share/applications/terminator.desktop'), ('ROS_PYTHON_VERSION', '3'), ('GNOME_SHELL_SESSION_MODE', 'ubuntu'), ('GTK_MODULES', 'gail:atk-bridge'), ('LC_MONETARY', 'bg_BG.UTF-8'), ('MANAGERPID', '1331'), ('SYSTEMD_EXEC_PID', '1751'), ('DBUS_SESSION_BUS_ADDRESS', 'unix:path=/run/user/1000/bus'), ('COLORTERM', 'truecolor'), ('TERMINATOR_DBUS_NAME', 'net.tenshu.Terminator25ef4b219e3b005583550f2b0f9f990c3'), ('GIO_LAUNCHED_DESKTOP_FILE_PID', '6174'), ('IM_CONFIG_PHASE', '1'), ('WAYLAND_DISPLAY', 'wayland-0'), ('COLCON_PREFIX_PATH', '/home/vladi/Desktop/ros2_commands/qt_ros_ws/install'), ('ROS_DISTRO', 'humble'), ('LOGNAME', 'vladi'), ('JOURNAL_STREAM', '8:31293'), ('_', '/usr/bin/colcon'), ('ROS_VERSION', '2'), ('XDG_SESSION_CLASS', 'user'), ('USERNAME', 'vladi'), ('TERM', 'xterm-256color'), ('GAZEBO_MODEL_PATH', 'Desktop/ros2_commands/qt_ros_ws/src/neptune_2_description/meshes'), ('GNOME_DESKTOP_SESSION_ID', 'this-is-deprecated'), ('ROS_LOCALHOST_ONLY', '0'), ('PATH', '/opt/ros/humble/bin:/usr/local/sbin:/usr/local/bin:/usr/sbin:/usr/bin:/sbin:/bin:/usr/games:/usr/local/games:/snap/bin:/snap/bin'), ('SESSION_MANAGER', 'local/vladi:@/tmp/.ICE-unix/1680,unix/vladi:/tmp/.ICE-unix/1680'), ('INVOCATION_ID', 'acfdd29b72094ea2a79536bf7ee9b202'), ('XDG_MENU_PREFIX', 'gnome-'), ('LC_ADDRESS', 'bg_BG.UTF-8'), ('GNOME_SETUP_DISPLAY', ':1'), ('XDG_RUNTIME_DIR', '/run/user/1000'), ('DISPLAY', ':0'), ('TERMINATOR_DBUS_PATH', '/net/tenshu/Terminator2'), ('LANG', 'en_US.UTF-8'), ('XDG_CURRENT_DESKTOP', 'ubuntu:GNOME'), ('IBUS_DISABLE_SNOOPER', '1'), ('LC_TELEPHONE', 'bg_BG.UTF-8'), ('XMODIFIERS', '@im=ibus'), ('XDG_SESSION_DESKTOP', 'ubuntu'), ('XAUTHORITY', '/run/user/1000/.mutter-Xwaylandauth.ZIETG2'), ('LS_COLORS', 'rs=0:di=01;34:ln=01;36:mh=00:pi=40;33:so=01;35:do=01;35:bd=40;33;01:cd=40;33;01:or=40;31;01:mi=00:su=37;41:sg=30;43:ca=30;41:tw=30;42:ow=34;42:st=37;44:ex=01;32:*.tar=01;31:*.tgz=01;31:*.arc=01;31:*.arj=01;31:*.taz=01;31:*.lha=01;31:*.lz4=01;31:*.lzh=01;31:*.lzma=01;31:*.tlz=01;31:*.txz=01;31:*.tzo=01;31:*.t7z=01;31:*.zip=01;31:*.z=01;31:*.dz=01;31:*.gz=01;31:*.lrz=01;31:*.lz=01;31:*.lzo=01;31:*.xz=01;31:*.zst=01;31:*.tzst=01;31:*.bz2=01;31:*.bz=01;31:*.tbz=01;31:*.tbz2=01;31:*.tz=01;31:*.deb=01;31:*.rpm=01;31:*.jar=01;31:*.war=01;31:*.ear=01;31:*.sar=01;31:*.rar=01;31:*.alz=01;31:*.ace=01;31:*.zoo=01;31:*.cpio=01;31:*.7z=01;31:*.rz=01;31:*.cab=01;31:*.wim=01;31:*.swm=01;31:*.dwm=01;31:*.esd=01;31:*.jpg=01;35:*.jpeg=01;35:*.mjpg=01;35:*.mjpeg=01;35:*.gif=01;35:*.bmp=01;35:*.pbm=01;35:*.pgm=01;35:*.ppm=01;35:*.tga=01;35:*.xbm=01;35:*.xpm=01;35:*.tif=01;35:*.tiff=01;35:*.png=01;35:*.svg=01;35:*.svgz=01;35:*.mng=01;35:*.pcx=01;35:*.mov=01;35:*.mpg=01;35:*.mpeg=01;35:*.m2v=01;35:*.mkv=01;35:*.webm=01;35:*.webp=01;35:*.ogm=01;35:*.mp4=01;35:*.m4v=01;35:*.mp4v=01;35:*.vob=01;35:*.qt=01;35:*.nuv=01;35:*.wmv=01;35:*.asf=01;35:*.rm=01;35:*.rmvb=01;35:*.flc=01;35:*.avi=01;35:*.fli=01;35:*.flv=01;35:*.gl=01;35:*.dl=01;35:*.xcf=01;35:*.xwd=01;35:*.yuv=01;35:*.cgm=01;35:*.emf=01;35:*.ogv=01;35:*.ogx=01;35:*.aac=00;36:*.au=00;36:*.flac=00;36:*.m4a=00;36:*.mid=00;36:*.midi=00;36:*.mka=00;36:*.mp3=00;36:*.mpc=00;36:*.ogg=00;36:*.ra=00;36:*.wav=00;36:*.oga=00;36:*.opus=00;36:*.spx=00;36:*.xspf=00;36:'), ('SSH_AGENT_LAUNCHER', 'gnome-keyring'), ('SSH_AUTH_SOCK', '/run/user/1000/keyring/ssh'), ('AMENT_PREFIX_PATH', '/home/vladi/Desktop/ros2_commands/qt_ros_ws/install/neptune_2_description:/opt/ros/humble'), ('SHELL', '/bin/bash'), ('LC_NAME', 'bg_BG.UTF-8'), ('TERMINATOR_UUID', 'urn:uuid:6088eb9d-d08c-4310-a836-9179bd5ef5e0'), ('QT_ACCESSIBILITY', '1'), ('GDMSESSION', 'ubuntu'), ('LESSCLOSE', '/usr/bin/lesspipe %s %s'), ('LC_MEASUREMENT', 'bg_BG.UTF-8'), ('GJS_DEBUG_OUTPUT', 'stderr'), ('LC_IDENTIFICATION', 'bg_BG.UTF-8'), ('QT_IM_MODULE', 'ibus'), ('PWD', '/home/vladi/Desktop/ros2_commands/qt_ros_ws/build/neptune_2_description'), ('LC_ALL', 'en_US.UTF-8'), ('XDG_CONFIG_DIRS', '/etc/xdg/xdg-ubuntu:/etc/xdg'), ('XDG_DATA_DIRS', '/usr/share/ubuntu:/usr/local/share/:/usr/share/:/var/lib/snapd/desktop'), ('PYTHONPATH', '/opt/ros/humble/lib/python3.10/site-packages:/opt/ros/humble/local/lib/python3.10/dist-packages'), ('LC_NUMERIC', 'bg_BG.UTF-8'), ('LC_PAPER', 'bg_BG.UTF-8'), ('COLCON', '1'), ('VTE_VERSION', '6800'), ('CMAKE_PREFIX_PATH', '/home/vladi/Desktop/ros2_commands/qt_ros_ws/install/vision:/home/vladi/Desktop/ros2_commands/qt_ros_ws/install/neptune_2_description:/opt/ros/humble')]), 'shell': False}
[0.199904] (-) TimerEvent: {}
[0.200783] (neptune_2_description) CommandEnded: {'returncode': 0}
[0.222269] (neptune_2_description) JobProgress: {'identifier': 'neptune_2_description', 'progress': 'install'}
[0.231427] (neptune_2_description) Command: {'cmd': ['/usr/bin/cmake', '--install', '/home/vladi/Desktop/ros2_commands/qt_ros_ws/build/neptune_2_description'], 'cwd': '/home/vladi/Desktop/ros2_commands/qt_ros_ws/build/neptune_2_description', 'env': OrderedDict([('GJS_DEBUG_TOPICS', 'JS ERROR;JS LOG'), ('LESSOPEN', '| /usr/bin/lesspipe %s'), ('USER', 'vladi'), ('LC_TIME', 'bg_BG.UTF-8'), ('XDG_SESSION_TYPE', 'wayland'), ('SHLVL', '1'), ('LD_LIBRARY_PATH', '/usr/lib/x86_64-linux-gnu/gazebo-11/plugins:/opt/ros/humble/opt/rviz_ogre_vendor/lib:/opt/ros/humble/lib/x86_64-linux-gnu:/opt/ros/humble/lib'), ('HOME', '/home/vladi'), ('OLDPWD', '/home/vladi'), ('DESKTOP_SESSION', 'ubuntu'), ('GIO_LAUNCHED_DESKTOP_FILE', '/usr/share/applications/terminator.desktop'), ('ROS_PYTHON_VERSION', '3'), ('GNOME_SHELL_SESSION_MODE', 'ubuntu'), ('GTK_MODULES', 'gail:atk-bridge'), ('LC_MONETARY', 'bg_BG.UTF-8'), ('MANAGERPID', '1331'), ('SYSTEMD_EXEC_PID', '1751'), ('DBUS_SESSION_BUS_ADDRESS', 'unix:path=/run/user/1000/bus'), ('COLORTERM', 'truecolor'), ('TERMINATOR_DBUS_NAME', 'net.tenshu.Terminator25ef4b219e3b005583550f2b0f9f990c3'), ('GIO_LAUNCHED_DESKTOP_FILE_PID', '6174'), ('IM_CONFIG_PHASE', '1'), ('WAYLAND_DISPLAY', 'wayland-0'), ('COLCON_PREFIX_PATH', '/home/vladi/Desktop/ros2_commands/qt_ros_ws/install'), ('ROS_DISTRO', 'humble'), ('LOGNAME', 'vladi'), ('JOURNAL_STREAM', '8:31293'), ('_', '/usr/bin/colcon'), ('ROS_VERSION', '2'), ('XDG_SESSION_CLASS', 'user'), ('USERNAME', 'vladi'), ('TERM', 'xterm-256color'), ('GAZEBO_MODEL_PATH', 'Desktop/ros2_commands/qt_ros_ws/src/neptune_2_description/meshes'), ('GNOME_DESKTOP_SESSION_ID', 'this-is-deprecated'), ('ROS_LOCALHOST_ONLY', '0'), ('PATH', '/opt/ros/humble/bin:/usr/local/sbin:/usr/local/bin:/usr/sbin:/usr/bin:/sbin:/bin:/usr/games:/usr/local/games:/snap/bin:/snap/bin'), ('SESSION_MANAGER', 'local/vladi:@/tmp/.ICE-unix/1680,unix/vladi:/tmp/.ICE-unix/1680'), ('INVOCATION_ID', 'acfdd29b72094ea2a79536bf7ee9b202'), ('XDG_MENU_PREFIX', 'gnome-'), ('LC_ADDRESS', 'bg_BG.UTF-8'), ('GNOME_SETUP_DISPLAY', ':1'), ('XDG_RUNTIME_DIR', '/run/user/1000'), ('DISPLAY', ':0'), ('TERMINATOR_DBUS_PATH', '/net/tenshu/Terminator2'), ('LANG', 'en_US.UTF-8'), ('XDG_CURRENT_DESKTOP', 'ubuntu:GNOME'), ('IBUS_DISABLE_SNOOPER', '1'), ('LC_TELEPHONE', 'bg_BG.UTF-8'), ('XMODIFIERS', '@im=ibus'), ('XDG_SESSION_DESKTOP', 'ubuntu'), ('XAUTHORITY', '/run/user/1000/.mutter-Xwaylandauth.ZIETG2'), ('LS_COLORS', 'rs=0:di=01;34:ln=01;36:mh=00:pi=40;33:so=01;35:do=01;35:bd=40;33;01:cd=40;33;01:or=40;31;01:mi=00:su=37;41:sg=30;43:ca=30;41:tw=30;42:ow=34;42:st=37;44:ex=01;32:*.tar=01;31:*.tgz=01;31:*.arc=01;31:*.arj=01;31:*.taz=01;31:*.lha=01;31:*.lz4=01;31:*.lzh=01;31:*.lzma=01;31:*.tlz=01;31:*.txz=01;31:*.tzo=01;31:*.t7z=01;31:*.zip=01;31:*.z=01;31:*.dz=01;31:*.gz=01;31:*.lrz=01;31:*.lz=01;31:*.lzo=01;31:*.xz=01;31:*.zst=01;31:*.tzst=01;31:*.bz2=01;31:*.bz=01;31:*.tbz=01;31:*.tbz2=01;31:*.tz=01;31:*.deb=01;31:*.rpm=01;31:*.jar=01;31:*.war=01;31:*.ear=01;31:*.sar=01;31:*.rar=01;31:*.alz=01;31:*.ace=01;31:*.zoo=01;31:*.cpio=01;31:*.7z=01;31:*.rz=01;31:*.cab=01;31:*.wim=01;31:*.swm=01;31:*.dwm=01;31:*.esd=01;31:*.jpg=01;35:*.jpeg=01;35:*.mjpg=01;35:*.mjpeg=01;35:*.gif=01;35:*.bmp=01;35:*.pbm=01;35:*.pgm=01;35:*.ppm=01;35:*.tga=01;35:*.xbm=01;35:*.xpm=01;35:*.tif=01;35:*.tiff=01;35:*.png=01;35:*.svg=01;35:*.svgz=01;35:*.mng=01;35:*.pcx=01;35:*.mov=01;35:*.mpg=01;35:*.mpeg=01;35:*.m2v=01;35:*.mkv=01;35:*.webm=01;35:*.webp=01;35:*.ogm=01;35:*.mp4=01;35:*.m4v=01;35:*.mp4v=01;35:*.vob=01;35:*.qt=01;35:*.nuv=01;35:*.wmv=01;35:*.asf=01;35:*.rm=01;35:*.rmvb=01;35:*.flc=01;35:*.avi=01;35:*.fli=01;35:*.flv=01;35:*.gl=01;35:*.dl=01;35:*.xcf=01;35:*.xwd=01;35:*.yuv=01;35:*.cgm=01;35:*.emf=01;35:*.ogv=01;35:*.ogx=01;35:*.aac=00;36:*.au=00;36:*.flac=00;36:*.m4a=00;36:*.mid=00;36:*.midi=00;36:*.mka=00;36:*.mp3=00;36:*.mpc=00;36:*.ogg=00;36:*.ra=00;36:*.wav=00;36:*.oga=00;36:*.opus=00;36:*.spx=00;36:*.xspf=00;36:'), ('SSH_AGENT_LAUNCHER', 'gnome-keyring'), ('SSH_AUTH_SOCK', '/run/user/1000/keyring/ssh'), ('AMENT_PREFIX_PATH', '/home/vladi/Desktop/ros2_commands/qt_ros_ws/install/neptune_2_description:/opt/ros/humble'), ('SHELL', '/bin/bash'), ('LC_NAME', 'bg_BG.UTF-8'), ('TERMINATOR_UUID', 'urn:uuid:6088eb9d-d08c-4310-a836-9179bd5ef5e0'), ('QT_ACCESSIBILITY', '1'), ('GDMSESSION', 'ubuntu'), ('LESSCLOSE', '/usr/bin/lesspipe %s %s'), ('LC_MEASUREMENT', 'bg_BG.UTF-8'), ('GJS_DEBUG_OUTPUT', 'stderr'), ('LC_IDENTIFICATION', 'bg_BG.UTF-8'), ('QT_IM_MODULE', 'ibus'), ('PWD', '/home/vladi/Desktop/ros2_commands/qt_ros_ws/build/neptune_2_description'), ('LC_ALL', 'en_US.UTF-8'), ('XDG_CONFIG_DIRS', '/etc/xdg/xdg-ubuntu:/etc/xdg'), ('XDG_DATA_DIRS', '/usr/share/ubuntu:/usr/local/share/:/usr/share/:/var/lib/snapd/desktop'), ('PYTHONPATH', '/opt/ros/humble/lib/python3.10/site-packages:/opt/ros/humble/local/lib/python3.10/dist-packages'), ('LC_NUMERIC', 'bg_BG.UTF-8'), ('LC_PAPER', 'bg_BG.UTF-8'), ('COLCON', '1'), ('VTE_VERSION', '6800'), ('CMAKE_PREFIX_PATH', '/home/vladi/Desktop/ros2_commands/qt_ros_ws/install/vision:/home/vladi/Desktop/ros2_commands/qt_ros_ws/install/neptune_2_description:/opt/ros/humble')]), 'shell': False}
[0.240646] (neptune_2_description) StdoutLine: {'line': b'-- Install configuration: ""\n'}
[0.241314] (neptune_2_description) StdoutLine: {'line': b'-- Execute custom install script\n'}
[0.242082] (neptune_2_description) StdoutLine: {'line': b'-- Up-to-date symlink: /home/vladi/Desktop/ros2_commands/qt_ros_ws/install/neptune_2_description/share/neptune_2_description//urdf/blueRov2.dae\n'}
[0.242404] (neptune_2_description) StdoutLine: {'line': b'-- Up-to-date symlink: /home/vladi/Desktop/ros2_commands/qt_ros_ws/install/neptune_2_description/share/neptune_2_description//urdf/common_properties.xacro\n'}
[0.242684] (neptune_2_description) StdoutLine: {'line': b'-- Up-to-date symlink: /home/vladi/Desktop/ros2_commands/qt_ros_ws/install/neptune_2_description/share/neptune_2_description//urdf/mobile.xacro\n'}
[0.242890] (neptune_2_description) StdoutLine: {'line': b'-- Up-to-date symlink: /home/vladi/Desktop/ros2_commands/qt_ros_ws/install/neptune_2_description/share/neptune_2_description//urdf/neptune_2.urdf.xacro\n'}
[0.243171] (neptune_2_description) StdoutLine: {'line': b'-- Up-to-date symlink: /home/vladi/Desktop/ros2_commands/qt_ros_ws/install/neptune_2_description/share/neptune_2_description//launch/display.launch.xml\n'}
[0.243482] (neptune_2_description) StdoutLine: {'line': b'-- Up-to-date symlink: /home/vladi/Desktop/ros2_commands/qt_ros_ws/install/neptune_2_description/share/neptune_2_description//rviz/urdf_config,rviz.rviz\n'}
[0.243800] (neptune_2_description) StdoutLine: {'line': b'-- Up-to-date symlink: /home/vladi/Desktop/ros2_commands/qt_ros_ws/install/neptune_2_description/share/neptune_2_description//meshes/blueRov2.dae\n'}
[0.244001] (neptune_2_description) StdoutLine: {'line': b'-- Up-to-date symlink: /home/vladi/Desktop/ros2_commands/qt_ros_ws/install/neptune_2_description/share/neptune_2_description//meshes/untitled.dae\n'}
[0.244272] (neptune_2_description) StdoutLine: {'line': b'-- Up-to-date symlink: /home/vladi/Desktop/ros2_commands/qt_ros_ws/install/neptune_2_description/share/ament_index/resource_index/package_run_dependencies/neptune_2_description\n'}
[0.244535] (neptune_2_description) StdoutLine: {'line': b'-- Up-to-date symlink: /home/vladi/Desktop/ros2_commands/qt_ros_ws/install/neptune_2_description/share/ament_index/resource_index/parent_prefix_path/neptune_2_description\n'}
[0.244830] (neptune_2_description) StdoutLine: {'line': b'-- Up-to-date symlink: /home/vladi/Desktop/ros2_commands/qt_ros_ws/install/neptune_2_description/share/neptune_2_description/environment/ament_prefix_path.sh\n'}
[0.245089] (neptune_2_description) StdoutLine: {'line': b'-- Up-to-date symlink: /home/vladi/Desktop/ros2_commands/qt_ros_ws/install/neptune_2_description/share/neptune_2_description/environment/ament_prefix_path.dsv\n'}
[0.245376] (neptune_2_description) StdoutLine: {'line': b'-- Up-to-date symlink: /home/vladi/Desktop/ros2_commands/qt_ros_ws/install/neptune_2_description/share/neptune_2_description/environment/path.sh\n'}
[0.245627] (neptune_2_description) StdoutLine: {'line': b'-- Up-to-date symlink: /home/vladi/Desktop/ros2_commands/qt_ros_ws/install/neptune_2_description/share/neptune_2_description/environment/path.dsv\n'}
[0.245869] (neptune_2_description) StdoutLine: {'line': b'-- Up-to-date symlink: /home/vladi/Desktop/ros2_commands/qt_ros_ws/install/neptune_2_description/share/neptune_2_description/local_setup.bash\n'}
[0.246116] (neptune_2_description) StdoutLine: {'line': b'-- Up-to-date symlink: /home/vladi/Desktop/ros2_commands/qt_ros_ws/install/neptune_2_description/share/neptune_2_description/local_setup.sh\n'}
[0.246359] (neptune_2_description) StdoutLine: {'line': b'-- Up-to-date symlink: /home/vladi/Desktop/ros2_commands/qt_ros_ws/install/neptune_2_description/share/neptune_2_description/local_setup.zsh\n'}
[0.246604] (neptune_2_description) StdoutLine: {'line': b'-- Up-to-date symlink: /home/vladi/Desktop/ros2_commands/qt_ros_ws/install/neptune_2_description/share/neptune_2_description/local_setup.dsv\n'}
[0.246809] (neptune_2_description) StdoutLine: {'line': b'-- Symlinking: /home/vladi/Desktop/ros2_commands/qt_ros_ws/install/neptune_2_description/share/neptune_2_description/package.dsv\n'}
[0.256219] (neptune_2_description) StdoutLine: {'line': b'-- Up-to-date symlink: /home/vladi/Desktop/ros2_commands/qt_ros_ws/install/neptune_2_description/share/ament_index/resource_index/packages/neptune_2_description\n'}
[0.256529] (neptune_2_description) StdoutLine: {'line': b'-- Up-to-date symlink: /home/vladi/Desktop/ros2_commands/qt_ros_ws/install/neptune_2_description/share/neptune_2_description/cmake/neptune_2_descriptionConfig.cmake\n'}
[0.256757] (neptune_2_description) StdoutLine: {'line': b'-- Up-to-date symlink: /home/vladi/Desktop/ros2_commands/qt_ros_ws/install/neptune_2_description/share/neptune_2_description/cmake/neptune_2_descriptionConfig-version.cmake\n'}
[0.256959] (neptune_2_description) StdoutLine: {'line': b'-- Up-to-date symlink: /home/vladi/Desktop/ros2_commands/qt_ros_ws/install/neptune_2_description/share/neptune_2_description/package.xml\n'}
[0.258945] (neptune_2_description) CommandEnded: {'returncode': 0}
[0.300029] (-) TimerEvent: {}
[0.401015] (-) TimerEvent: {}
[0.498114] (neptune_2_description) JobEnded: {'identifier': 'neptune_2_description', 'rc': 0}
[0.501107] (-) TimerEvent: {}
[0.601363] (-) TimerEvent: {}
[0.701702] (-) TimerEvent: {}
[0.802057] (-) TimerEvent: {}
[0.902410] (-) TimerEvent: {}
[1.002775] (-) TimerEvent: {}
[1.103122] (-) TimerEvent: {}
[1.203466] (-) TimerEvent: {}
[1.303782] (-) TimerEvent: {}
[1.328638] (neptune_2_bringup) StdoutLine: {'line': b'-- The C compiler identification is GNU 11.4.0\n'}
[1.403916] (-) TimerEvent: {}
[1.504214] (-) TimerEvent: {}
[1.604586] (-) TimerEvent: {}
[1.704969] (-) TimerEvent: {}
[1.805320] (-) TimerEvent: {}
[1.884625] (neptune_2_bringup) StdoutLine: {'line': b'-- The CXX compiler identification is GNU 11.4.0\n'}
[1.905427] (-) TimerEvent: {}
[1.914523] (neptune_2_bringup) StdoutLine: {'line': b'-- Detecting C compiler ABI info\n'}
[2.005603] (-) TimerEvent: {}
[2.049994] (neptune_2_bringup) StdoutLine: {'line': b'-- Detecting C compiler ABI info - done\n'}
[2.060629] (neptune_2_bringup) StdoutLine: {'line': b'-- Check for working C compiler: /usr/bin/cc - skipped\n'}
[2.061265] (neptune_2_bringup) StdoutLine: {'line': b'-- Detecting C compile features\n'}
[2.074467] (neptune_2_bringup) StdoutLine: {'line': b'-- Detecting C compile features - done\n'}
[2.078873] (neptune_2_bringup) StdoutLine: {'line': b'-- Detecting CXX compiler ABI info\n'}
[2.105736] (-) TimerEvent: {}
[2.190289] (neptune_2_bringup) StdoutLine: {'line': b'-- Detecting CXX compiler ABI info - done\n'}
[2.199916] (neptune_2_bringup) StdoutLine: {'line': b'-- Check for working CXX compiler: /usr/bin/c++ - skipped\n'}
[2.200343] (neptune_2_bringup) StdoutLine: {'line': b'-- Detecting CXX compile features\n'}
[2.200978] (neptune_2_bringup) StdoutLine: {'line': b'-- Detecting CXX compile features - done\n'}
[2.205825] (-) TimerEvent: {}
[2.209409] (neptune_2_bringup) StdoutLine: {'line': b'-- Found ament_cmake: 1.3.6 (/opt/ros/humble/share/ament_cmake/cmake)\n'}
[2.305942] (-) TimerEvent: {}
[2.406299] (-) TimerEvent: {}
[2.425290] (neptune_2_bringup) StdoutLine: {'line': b'-- Found Python3: /usr/bin/python3.10 (found version "3.10.12") found components: Interpreter \n'}
[2.506423] (-) TimerEvent: {}
[2.567410] (neptune_2_bringup) StderrLine: {'line': b"Error parsing '/home/vladi/Desktop/ros2_commands/qt_ros_ws/src/neptune_2_bringup/package.xml':\n"}
[2.606531] (-) TimerEvent: {}
[2.609627] (neptune_2_bringup) StderrLine: {'line': b'Traceback (most recent call last):\n'}
[2.609815] (neptune_2_bringup) StderrLine: {'line': b'  File "/usr/lib/python3/dist-packages/catkin_pkg/package.py", line 610, in parse_package_string\n'}
[2.629122] (neptune_2_bringup) StderrLine: {'line': b'    root = dom.parseString(data)\n'}
[2.629287] (neptune_2_bringup) StderrLine: {'line': b'  File "/usr/lib/python3.10/xml/dom/minidom.py", line 2000, in parseString\n'}
[2.637561] (neptune_2_bringup) StderrLine: {'line': b'    return expatbuilder.parseString(string)\n'}
[2.637899] (neptune_2_bringup) StderrLine: {'line': b'  File "/usr/lib/python3.10/xml/dom/expatbuilder.py", line 925, in parseString\n'}
[2.664644] (neptune_2_bringup) StderrLine: {'line': b'    return builder.parseString(string)\n'}
[2.664931] (neptune_2_bringup) StderrLine: {'line': b'  File "/usr/lib/python3.10/xml/dom/expatbuilder.py", line 223, in parseString\n'}
[2.665207] (neptune_2_bringup) StderrLine: {'line': b'    parser.Parse(string, True)\n'}
[2.665393] (neptune_2_bringup) StderrLine: {'line': b'xml.parsers.expat.ExpatError: mismatched tag: line 23, column 2\n'}
[2.665544] (neptune_2_bringup) StderrLine: {'line': b'\n'}
[2.665682] (neptune_2_bringup) StderrLine: {'line': b'During handling of the above exception, another exception occurred:\n'}
[2.665819] (neptune_2_bringup) StderrLine: {'line': b'\n'}
[2.665951] (neptune_2_bringup) StderrLine: {'line': b'Traceback (most recent call last):\n'}
[2.666085] (neptune_2_bringup) StderrLine: {'line': b'  File "/opt/ros/humble/share/ament_cmake_core/cmake/core/package_xml_2_cmake.py", line 150, in <module>\n'}
[2.666219] (neptune_2_bringup) StderrLine: {'line': b'    main()\n'}
[2.666345] (neptune_2_bringup) StderrLine: {'line': b'  File "/opt/ros/humble/share/ament_cmake_core/cmake/core/package_xml_2_cmake.py", line 53, in main\n'}
[2.666473] (neptune_2_bringup) StderrLine: {'line': b'    raise e\n'}
[2.666597] (neptune_2_bringup) StderrLine: {'line': b'  File "/opt/ros/humble/share/ament_cmake_core/cmake/core/package_xml_2_cmake.py", line 49, in main\n'}
[2.666725] (neptune_2_bringup) StderrLine: {'line': b'    package = parse_package_string(\n'}
[2.666863] (neptune_2_bringup) StderrLine: {'line': b'  File "/usr/lib/python3/dist-packages/catkin_pkg/package.py", line 612, in parse_package_string\n'}
[2.666995] (neptune_2_bringup) StderrLine: {'line': b"    raise InvalidPackage('The manifest contains invalid XML:\\n%s' % ex, filename)\n"}
[2.667126] (neptune_2_bringup) StderrLine: {'line': b"catkin_pkg.package.InvalidPackage: Error(s) in package '/home/vladi/Desktop/ros2_commands/qt_ros_ws/src/neptune_2_bringup/package.xml':\n"}
[2.667255] (neptune_2_bringup) StderrLine: {'line': b'The manifest contains invalid XML:\n'}
[2.667381] (neptune_2_bringup) StderrLine: {'line': b'mismatched tag: line 23, column 2\n'}
[2.684672] (neptune_2_bringup) StderrLine: {'line': b'\x1b[31mCMake Error at /opt/ros/humble/share/ament_cmake_core/cmake/core/ament_package_xml.cmake:95 (message):\n'}
[2.684960] (neptune_2_bringup) StderrLine: {'line': b'  execute_process(/usr/bin/python3.10\n'}
[2.685075] (neptune_2_bringup) StderrLine: {'line': b'  /opt/ros/humble/share/ament_cmake_core/cmake/core/package_xml_2_cmake.py\n'}
[2.685170] (neptune_2_bringup) StderrLine: {'line': b'  /home/vladi/Desktop/ros2_commands/qt_ros_ws/src/neptune_2_bringup/package.xml\n'}
[2.685272] (neptune_2_bringup) StderrLine: {'line': b'  /home/vladi/Desktop/ros2_commands/qt_ros_ws/build/neptune_2_bringup/ament_cmake_core/package.cmake)\n'}
[2.685364] (neptune_2_bringup) StderrLine: {'line': b'  returned error code 1\n'}
[2.685445] (neptune_2_bringup) StderrLine: {'line': b'Call Stack (most recent call first):\n'}
[2.685526] (neptune_2_bringup) StderrLine: {'line': b'  /opt/ros/humble/share/ament_cmake_core/cmake/core/ament_package_xml.cmake:49 (_ament_package_xml)\n'}
[2.685606] (neptune_2_bringup) StderrLine: {'line': b'  /opt/ros/humble/share/ament_cmake_core/cmake/core/ament_package.cmake:63 (ament_package_xml)\n'}
[2.685688] (neptune_2_bringup) StderrLine: {'line': b'  CMakeLists.txt:19 (ament_package)\n'}
[2.685758] (neptune_2_bringup) StderrLine: {'line': b'\n'}
[2.685831] (neptune_2_bringup) StderrLine: {'line': b'\x1b[0m\n'}
[2.685900] (neptune_2_bringup) StdoutLine: {'line': b'-- Configuring incomplete, errors occurred!\n'}
[2.685980] (neptune_2_bringup) StdoutLine: {'line': b'See also "/home/vladi/Desktop/ros2_commands/qt_ros_ws/build/neptune_2_bringup/CMakeFiles/CMakeOutput.log".\n'}
[2.690383] (neptune_2_bringup) CommandEnded: {'returncode': 1}
[2.691421] (neptune_2_bringup) JobEnded: {'identifier': 'neptune_2_bringup', 'rc': 1}
[2.702042] (-) EventReactorShutdown: {}
