[0.148s] Invoking command in '/home/vladi/Desktop/ros2_commands/qt_ros_ws/build/neptune_2_bringup': /usr/bin/cmake /home/vladi/Desktop/ros2_commands/qt_ros_ws/src/neptune_2_bringup -DCMAKE_INSTALL_PREFIX=/home/vladi/Desktop/ros2_commands/qt_ros_ws/install/neptune_2_bringup
[0.162s] -- Found ament_cmake: 1.3.6 (/opt/ros/humble/share/ament_cmake/cmake)
[0.385s] Error parsing '/home/vladi/Desktop/ros2_commands/qt_ros_ws/src/neptune_2_bringup/package.xml':
[0.432s] Traceback (most recent call last):
[0.432s]   File "/usr/lib/python3/dist-packages/catkin_pkg/package.py", line 610, in parse_package_string
[0.432s]     root = dom.parseString(data)
[0.433s]   File "/usr/lib/python3.10/xml/dom/minidom.py", line 2000, in parseString
[0.433s]     return expatbuilder.parseString(string)
[0.433s]   File "/usr/lib/python3.10/xml/dom/expatbuilder.py", line 925, in parseString
[0.433s]     return builder.parseString(string)
[0.433s]   File "/usr/lib/python3.10/xml/dom/expatbuilder.py", line 223, in parseString
[0.433s]     parser.Parse(string, True)
[0.433s] xml.parsers.expat.ExpatError: mismatched tag: line 23, column 2
[0.434s] 
[0.434s] During handling of the above exception, another exception occurred:
[0.434s] 
[0.434s] Traceback (most recent call last):
[0.434s]   File "/opt/ros/humble/share/ament_cmake_core/cmake/core/package_xml_2_cmake.py", line 150, in <module>
[0.434s]     main()
[0.434s]   File "/opt/ros/humble/share/ament_cmake_core/cmake/core/package_xml_2_cmake.py", line 53, in main
[0.434s]     raise e
[0.434s]   File "/opt/ros/humble/share/ament_cmake_core/cmake/core/package_xml_2_cmake.py", line 49, in main
[0.435s]     package = parse_package_string(
[0.435s]   File "/usr/lib/python3/dist-packages/catkin_pkg/package.py", line 612, in parse_package_string
[0.435s]     raise InvalidPackage('The manifest contains invalid XML:\n%s' % ex, filename)
[0.435s] catkin_pkg.package.InvalidPackage: Error(s) in package '/home/vladi/Desktop/ros2_commands/qt_ros_ws/src/neptune_2_bringup/package.xml':
[0.435s] The manifest contains invalid XML:
[0.435s] mismatched tag: line 23, column 2
[0.454s] [31mCMake Error at /opt/ros/humble/share/ament_cmake_core/cmake/core/ament_package_xml.cmake:95 (message):
[0.454s]   execute_process(/usr/bin/python3.10
[0.455s]   /opt/ros/humble/share/ament_cmake_core/cmake/core/package_xml_2_cmake.py
[0.455s]   /home/vladi/Desktop/ros2_commands/qt_ros_ws/src/neptune_2_bringup/package.xml
[0.455s]   /home/vladi/Desktop/ros2_commands/qt_ros_ws/build/neptune_2_bringup/ament_cmake_core/package.cmake)
[0.455s]   returned error code 1
[0.455s] Call Stack (most recent call first):
[0.455s]   /opt/ros/humble/share/ament_cmake_core/cmake/core/ament_package_xml.cmake:49 (_ament_package_xml)
[0.455s]   /opt/ros/humble/share/ament_cmake_core/cmake/core/ament_package.cmake:63 (ament_package_xml)
[0.456s]   CMakeLists.txt:19 (ament_package)
[0.456s] 
[0.456s] [0m
[0.456s] -- Configuring incomplete, errors occurred!
[0.456s] See also "/home/vladi/Desktop/ros2_commands/qt_ros_ws/build/neptune_2_bringup/CMakeFiles/CMakeOutput.log".
[0.458s] Invoked command in '/home/vladi/Desktop/ros2_commands/qt_ros_ws/build/neptune_2_bringup' returned '1': /usr/bin/cmake /home/vladi/Desktop/ros2_commands/qt_ros_ws/src/neptune_2_bringup -DCMAKE_INSTALL_PREFIX=/home/vladi/Desktop/ros2_commands/qt_ros_ws/install/neptune_2_bringup
